<html>
<body>
<pre>
<h1>µVision Build Log</h1>
<h2>Tool Versions:</h2>
IDE-Version: ¦ÌVision V5.24.2.0
Copyright (C) 2017 ARM Ltd and ARM Germany GmbH. All rights reserved.
License Information: Flandre UNX, UNX, LIC=LJWQD-8J6VT-NTK3G-V93AZ-H0EQD-1YNKX
 
Tool Versions:
Toolchain:       MDK-ARM Professional  Version: 5.24.1
Toolchain Path:  F:\Programs\Development\keil5\ARM\ARMCC\Bin
C Compiler:      Armcc.exe V5.06 update 5 (build 528)
Assembler:       Armasm.exe V5.06 update 5 (build 528)
Linker/Locator:  ArmLink.exe V5.06 update 5 (build 528)
Library Manager: ArmAr.exe V5.06 update 5 (build 528)
Hex Converter:   FromElf.exe V5.06 update 5 (build 528)
CPU DLL:         SARMCM3.DLL V5.24.1
Dialog DLL:      DARMCM1.DLL V1.18.0.0
Target DLL:      STLink\ST-LINKIII-KEIL_SWO.dll V3.0.1.0
Dialog DLL:      TARMCM1.DLL V1.13.0.0
 
<h2>Project:</h2>
H:\unx^444\uModbusMaster\Motherboard.uvprojx
Project File Date:  08/13/2017

<h2>Output:</h2>
*** Using Compiler 'V5.06 update 5 (build 528)', folder: 'F:\Programs\Development\keil5\ARM\ARMCC\Bin'
Build target 'Target 1'
compiling th_Main.c...
compiling th_ModbusMaster.c...
compiling stm32f0xx_adc.c...
compiling stm32f0xx_can.c...
compiling stm32f0xx_cec.c...
compiling stm32f0xx_comp.c...
compiling stm32f0xx_crc.c...
compiling stm32f0xx_crs.c...
compiling stm32f0xx_dac.c...
compiling stm32f0xx_dbgmcu.c...
compiling stm32f0xx_dma.c...
compiling stm32f0xx_exti.c...
compiling stm32f0xx_flash.c...
compiling stm32f0xx_gpio.c...
compiling stm32f0xx_i2c.c...
compiling stm32f0xx_iwdg.c...
compiling stm32f0xx_misc.c...
compiling stm32f0xx_pwr.c...
compiling stm32f0xx_rcc.c...
compiling stm32f0xx_rtc.c...
compiling stm32f0xx_spi.c...
compiling stm32f0xx_syscfg.c...
compiling stm32f0xx_tim.c...
compiling stm32f0xx_usart.c...
compiling stm32f0xx_wwdg.c...
compiling pmContext.c...
compiling pmEvent.c...
compiling pmSerial.c...
compiling pmTimer.c...
compiling mbm.c...
compiling mbmCRC16.c...
compiling mbmUtils.c...
compiling mbmFuncInput.c...
compiling mbmFuncCoils.c...
compiling mbmFuncHolding.c...
compiling mbmFuncDisc.c...
compiling RTX_Conf_CM.c...
assembling startup_stm32f072.s...
compiling system_stm32f0xx.c...
linking...
Program Size: Code=12276 RO-data=1036 RW-data=168 ZI-data=7488  
".\Objects\Motherboard.axf" - 0 Error(s), 0 Warning(s).

<h2>Software Packages used:</h2>

Package Vendor: ARM
                http://www.keil.com/pack/ARM.CMSIS.5.0.1.pack
                ARM.CMSIS.5.0.1
                CMSIS (Cortex Microcontroller Software Interface Standard)
   * Component: Keil RTX Version: 4.81.0
   * Component: CORE Version: 5.0.1
   * Component: RTOS Version: 1.0.0

Package Vendor: Keil
                http://www.keil.com/pack/Keil.STM32F0xx_DFP.1.4.0.pack
                Keil.STM32F0xx_DFP.1.4.0
                STMicroelectronics STM32F0 Series Device Support and Examples
   * Component: Startup Version: 1.5.0

<h2>Collection of Component include folders:</h2>
  .\RTE\_Target_1
  F:\Programs\Development\keil5\ARM\PACK\ARM\CMSIS\5.0.1\CMSIS\Include
  F:\Programs\Development\keil5\ARM\PACK\ARM\CMSIS\5.0.1\CMSIS\RTOS\RTX\INC
  F:\Programs\Development\keil5\ARM\PACK\Keil\STM32F0xx_DFP\1.4.0\Device\Include

<h2>Collection of Component Files used:</h2>

   * Component: Keil::Device:Startup:1.5.0
      Source file:   Device\Source\ARM\STM32F0xx_OPT.s
      Source file:   Device\Source\system_stm32f0xx.c
      Source file:   Device\Source\ARM\startup_stm32f072.s

   * Component: ARM::CMSIS:RTOS:Keil RTX:4.81.0
      Source file:   CMSIS\RTOS\RTX\UserCodeTemplates\main.c
      Source file:   CMSIS\RTOS\RTX\UserCodeTemplates\MailQueue.c
      Source file:   CMSIS\RTOS\RTX\UserCodeTemplates\Mutex.c
      Source file:   CMSIS\RTOS\RTX\UserCodeTemplates\MemPool.c
      Source file:   CMSIS\RTOS\RTX\UserCodeTemplates\Semaphore.c
      Source file:   CMSIS\RTOS\RTX\UserCodeTemplates\Timer.c
      Include file:  CMSIS\RTOS\RTX\INC\cmsis_os.h
      Include file:  CMSIS\RTOS\RTX\UserCodeTemplates\osObjects.h
      Source file:   CMSIS\RTOS\RTX\UserCodeTemplates\MsgQueue.c
      Source file:   CMSIS\RTOS\RTX\SRC\ARM\SVC_Table.s
      Library file:  CMSIS\RTOS\RTX\LIB\ARM\RTX_CM0.lib
      Source file:   CMSIS\RTOS\RTX\Templates\RTX_Conf_CM.c
      Source file:   CMSIS\RTOS\RTX\UserCodeTemplates\Thread.c

   * Component: ARM::CMSIS:CORE:5.0.1

   * Component: ::CMSIS:RTOS:1.0.0 (API)
Build Time Elapsed:  00:00:18
</pre>
</body>
</html>
